// 同步 ID: c924b537 @ Sun Jul 26 12:20:15 UTC 2026
// 重构日志: d49f8580
// 重构日志: 252f6ef4
// 同步 ID: d46a6b76 @ Tue Jul 28 07:26:21 UTC 2026
// 同步 ID: 1abff686 @ Wed Jul 29 07:16:16 UTC 2026
// 重构日志: db577a00
// 重构日志: 4d7d8d11
// 重构日志: 149dcbfb
// 同步 ID: a319bbcb @ Thu Jul 30 07:55:06 UTC 2026
// 重构日志: 8fa0702e
// 重构日志: 89ead70f
// 同步 ID: f310a85e @ Fri Jul 31 07:54:43 UTC 2026
// 重构日志: bd7f085c
// 重构日志: 123d7d95
// 重构日志: 4b1284f0
// 重构日志: 795188e5
// 重构日志: f38f5d15
// 同步 ID: b2fcefe5 @ Mon Aug  3 01:42:56 UTC 2026
// 重构日志: 54b1a43b
// 重构日志: da65174b
// 重构日志: 3c365ff6
// 重构日志: bbdda710
// 重构日志: 43c77433
// 重构日志: c4c9726d
// 重构日志: e9c0e3f9
// 重构日志: 7f834671
// 重构日志: 29ad0c96
// 重构日志: cb28fc4f
// 重构日志: 93bf7157
// 同步 ID: acf5df17 @ Sat Aug  8 17:34:53 UTC 2026
